// Jest Snapshot v1, https://goo.gl/fbAQLP

exports[`ColorInput render correctly 1`] = `
<div
  style="display:inline-block;position:relative;margin-bottom:4px;"
>
  <span
    style="display:inline-block;height:100%;font-size:13px;vertical-align:top;width:20px;line-height:20px;"
  >
    R
  </span>
  <input
    style="vertical-align:top;width:40px;box-sizing:border-box;height:20px;padding:0 2px;font-size:12px;"
    type="text"
    value="255"
  />
  <span
    style="display:inline-block;height:100%;font-size:13px;vertical-align:top;padding-left:4px;line-height:20px;"
  />
</div>
`;

exports[`ColorInput render correctly 2`] = `
<div
  style="display:inline-block;position:relative;margin-bottom:4px;"
>
  <span
    style="display:inline-block;height:100%;font-size:13px;vertical-align:top;width:20px;line-height:20px;"
  >
    R
  </span>
  <input
    style="vertical-align:top;width:40px;box-sizing:border-box;height:20px;padding:0 2px;font-size:12px;"
    type="text"
    value="255"
  />
  <span
    style="display:inline-block;height:100%;font-size:13px;vertical-align:top;padding-left:4px;line-height:20px;"
  />
</div>
`;

exports[`HexInput render correctly 1`] = `
<input
  value="2196F3"
/>
`;
